'2024-08-22 19:56:17,421 - Line:  371 -     INFO - Func:                  <module> - Starting script...'
'2024-08-22 19:56:17,421 - Line: 1622 -     INFO - Func:                  <module> - Creating temporary geodatabase & setting up workspace'
'2024-08-22 19:56:18,737 - Line: 1636 -     INFO - Func:                  <module> - Loading data into workspace'
'2024-08-22 19:56:18,737 - Line: 1642 -     INFO - Func:                  <module> - Preparing Ecosections'
'2024-08-22 19:56:18,828 - Line:  593 -    DEBUG - Func:                 loadLayer - Starting function'
'2024-08-22 19:56:18,828 - Line:  596 -     INFO - Func:                 loadLayer - Loading eco_coarse_ecosections_polygons_d'
'2024-08-22 19:56:20,558 - Line:  413 -    DEBUG - Func:             calculateArea - Starting function'
'2024-08-22 19:56:20,864 - Line:  426 -    DEBUG - Func:        calculateTotalArea - Starting function'
'2024-08-22 19:56:21,021 - Line:  664 -    DEBUG - Func:           loadRegionLayer - Starting function'
'2024-08-22 19:56:21,021 - Line:  667 -     INFO - Func:           loadRegionLayer - Loading MaPP_AreaEstuaryCorrected_SR'
'2024-08-22 19:56:22,712 - Line:  413 -    DEBUG - Func:             calculateArea - Starting function'
'2024-08-22 19:56:23,075 - Line:  426 -    DEBUG - Func:        calculateTotalArea - Starting function'
'2024-08-22 19:56:23,314 - Line: 1671 -     INFO - Func:                  <module> - Preparing MPAs'
'2024-08-22 19:56:23,314 - Line:  444 -    DEBUG - Func:             createMPAdict - Starting function'
'2024-08-22 19:56:23,520 - Line:  477 -    DEBUG - Func:               prepareMPAs - Starting function'
'2024-08-22 19:56:26,093 - Line:  388 -    DEBUG - Func:         calculate_runtime - Completed PairwiseIntersect (layer: mpas_merged & subregions_ALL). Runtime was 1.104189 seconds (0.01840315 min)'
'2024-08-22 19:56:26,431 - Line:  413 -    DEBUG - Func:             calculateArea - Starting function'
'2024-08-22 19:56:27,253 - Line:  388 -    DEBUG - Func:         calculate_runtime - Completed PairwiseIntersect (layer: mpas_merged & mpa_ecosect_intersect). Runtime was 0.52921 seconds (0.008820166666666665 min)'
'2024-08-22 19:56:27,647 - Line:  388 -    DEBUG - Func:         calculate_runtime - Completed PairwiseDissolve (layer: mpa_ecosect_intersect). Runtime was 0.394019 seconds (0.006566983333333333 min)'
'2024-08-22 19:56:27,647 - Line:  723 -    DEBUG - Func:               renameField - Starting function'
'2024-08-22 19:56:28,173 - Line:  723 -    DEBUG - Func:               renameField - Starting function'
'2024-08-22 19:56:28,635 - Line:  413 -    DEBUG - Func:             calculateArea - Starting function'
'2024-08-22 19:56:29,356 - Line: 1023 -    DEBUG - Func:          buildOverlapDict - Starting function'
'2024-08-22 19:56:29,375 - Line:  742 -    DEBUG - Func:    readMPAInclusionMatrix - Starting function'
'2024-08-22 19:56:29,420 - Line: 1738 -     INFO - Func:                  <module> - Processing layers'
'2024-08-22 19:56:29,420 - Line: 1759 -     INFO - Func:                  <module> - Processing eco_plants_eelgrass_polygons_d for presence in MPAs'
'2024-08-22 19:56:29,580 - Line:  593 -    DEBUG - Func:                 loadLayer - Starting function'
'2024-08-22 19:56:29,580 - Line:  596 -     INFO - Func:                 loadLayer - Loading eco_plants_eelgrass_polygons_d'
'2024-08-22 19:56:31,255 - Line:  413 -    DEBUG - Func:             calculateArea - Starting function'
'2024-08-22 19:56:31,521 - Line:  426 -    DEBUG - Func:        calculateTotalArea - Starting function'
'2024-08-22 19:56:31,679 - Line:  958 -    DEBUG - Func:        calculate_presence - Starting function'
'2024-08-22 19:56:31,679 - Line:  426 -    DEBUG - Func:        calculateTotalArea - Starting function'
'2024-08-22 19:56:31,711 - Line:  835 -    DEBUG - Func:          process_geometry - Starting function'
'2024-08-22 19:56:31,711 - Line:  841 -     INFO - Func:          process_geometry - ...Intersecting eco_plants_eelgrass_polygons_d'
'2024-08-22 19:56:33,018 - Line:  388 -    DEBUG - Func:         calculate_runtime - Completed PairwiseIntersect (layer: eco_plants_eelgrass_polygons_d). Runtime was 1.306981 seconds (0.021783016666666665 min)'
'2024-08-22 19:56:33,292 - Line:  869 -     INFO - Func:          process_geometry - ...Dissolving eco_plants_eelgrass_polygons_d'
'2024-08-22 19:56:33,691 - Line:  388 -    DEBUG - Func:         calculate_runtime - Completed PairwiseDissolve (layer: eco_plants_eelgrass_polygons_d_Intersect). Runtime was 0.399266 seconds (0.0066544333333333336 min)'
'2024-08-22 19:56:33,691 - Line:  723 -    DEBUG - Func:               renameField - Starting function'
'2024-08-22 19:56:34,194 - Line:  723 -    DEBUG - Func:               renameField - Starting function'
'2024-08-22 19:56:34,757 - Line:  723 -    DEBUG - Func:               renameField - Starting function'
'2024-08-22 19:56:35,212 - Line:  723 -    DEBUG - Func:               renameField - Starting function'
'2024-08-22 19:56:35,707 - Line:  723 -    DEBUG - Func:               renameField - Starting function'
'2024-08-22 19:56:37,504 - Line: 1759 -     INFO - Func:                  <module> - Processing eco_plants_bullkelp_polygons_d for presence in MPAs'
'2024-08-22 19:56:37,604 - Line:  593 -    DEBUG - Func:                 loadLayer - Starting function'
'2024-08-22 19:56:37,604 - Line:  596 -     INFO - Func:                 loadLayer - Loading eco_plants_bullkelp_polygons_d'
'2024-08-22 19:56:38,762 - Line:  413 -    DEBUG - Func:             calculateArea - Starting function'
'2024-08-22 19:56:39,075 - Line:  426 -    DEBUG - Func:        calculateTotalArea - Starting function'
'2024-08-22 19:56:39,285 - Line:  958 -    DEBUG - Func:        calculate_presence - Starting function'
'2024-08-22 19:56:39,285 - Line:  426 -    DEBUG - Func:        calculateTotalArea - Starting function'
'2024-08-22 19:56:39,317 - Line:  835 -    DEBUG - Func:          process_geometry - Starting function'
'2024-08-22 19:56:39,317 - Line:  841 -     INFO - Func:          process_geometry - ...Intersecting eco_plants_bullkelp_polygons_d'
'2024-08-22 19:56:40,186 - Line:  388 -    DEBUG - Func:         calculate_runtime - Completed PairwiseIntersect (layer: eco_plants_bullkelp_polygons_d). Runtime was 0.869475 seconds (0.01449125 min)'
'2024-08-22 19:56:40,549 - Line:  869 -     INFO - Func:          process_geometry - ...Dissolving eco_plants_bullkelp_polygons_d'
'2024-08-22 19:56:40,911 - Line:  388 -    DEBUG - Func:         calculate_runtime - Completed PairwiseDissolve (layer: eco_plants_bullkelp_polygons_d_Intersect). Runtime was 0.361303 seconds (0.006021716666666666 min)'
'2024-08-22 19:56:40,911 - Line:  723 -    DEBUG - Func:               renameField - Starting function'
'2024-08-22 19:56:41,417 - Line:  723 -    DEBUG - Func:               renameField - Starting function'
'2024-08-22 19:56:41,933 - Line:  723 -    DEBUG - Func:               renameField - Starting function'
'2024-08-22 19:56:42,392 - Line:  723 -    DEBUG - Func:               renameField - Starting function'
'2024-08-22 19:56:42,848 - Line:  723 -    DEBUG - Func:               renameField - Starting function'
'2024-08-22 19:56:44,358 - Line: 1759 -     INFO - Func:                  <module> - Processing hu_ot_loghandlingstorageandtransportation_logstorageandhand_d for presence in MPAs'
'2024-08-22 19:56:44,537 - Line:  593 -    DEBUG - Func:                 loadLayer - Starting function'
'2024-08-22 19:56:44,537 - Line:  596 -     INFO - Func:                 loadLayer - Loading hu_ot_loghandlingstorageandtransportation_logstorageandhand_d'
'2024-08-22 19:56:45,651 - Line:  413 -    DEBUG - Func:             calculateArea - Starting function'
'2024-08-22 19:56:45,940 - Line:  426 -    DEBUG - Func:        calculateTotalArea - Starting function'
'2024-08-22 19:56:46,051 - Line:  958 -    DEBUG - Func:        calculate_presence - Starting function'
'2024-08-22 19:56:46,051 - Line:  426 -    DEBUG - Func:        calculateTotalArea - Starting function'
'2024-08-22 19:56:46,068 - Line:  835 -    DEBUG - Func:          process_geometry - Starting function'
'2024-08-22 19:56:46,068 - Line:  841 -     INFO - Func:          process_geometry - ...Intersecting hu_ot_loghandlingstorageandtransportation_logstorageandhand_d'
'2024-08-22 19:56:46,508 - Line:  388 -    DEBUG - Func:         calculate_runtime - Completed PairwiseIntersect (layer: hu_ot_loghandlingstorageandtransportation_logstorageandhand_d). Runtime was 0.439735 seconds (0.007328916666666667 min)'
'2024-08-22 19:56:46,821 - Line:  869 -     INFO - Func:          process_geometry - ...Dissolving hu_ot_loghandlingstorageandtransportation_logstorageandhand_d'
'2024-08-22 19:56:47,138 - Line:  388 -    DEBUG - Func:         calculate_runtime - Completed PairwiseDissolve (layer: hu_ot_loghandlingstorageandtransportation_logstorageandhand_d_Intersect). Runtime was 0.316974 seconds (0.005282899999999999 min)'
'2024-08-22 19:56:47,138 - Line:  723 -    DEBUG - Func:               renameField - Starting function'
'2024-08-22 19:56:47,639 - Line:  723 -    DEBUG - Func:               renameField - Starting function'
'2024-08-22 19:56:48,176 - Line:  723 -    DEBUG - Func:               renameField - Starting function'
'2024-08-22 19:56:48,623 - Line:  723 -    DEBUG - Func:               renameField - Starting function'
'2024-08-22 19:56:49,080 - Line:  723 -    DEBUG - Func:               renameField - Starting function'
'2024-08-22 19:56:50,553 - Line: 1759 -     INFO - Func:                  <module> - Processing eco_coarse_ecosections_polygons_d for presence in MPAs'
'2024-08-22 19:56:50,609 - Line:  593 -    DEBUG - Func:                 loadLayer - Starting function'
'2024-08-22 19:56:50,609 - Line:  596 -     INFO - Func:                 loadLayer - Loading eco_coarse_ecosections_polygons_d'
'2024-08-22 19:56:52,210 - Line:  413 -    DEBUG - Func:             calculateArea - Starting function'
'2024-08-22 19:56:52,457 - Line:  426 -    DEBUG - Func:        calculateTotalArea - Starting function'
'2024-08-22 19:56:52,572 - Line:  958 -    DEBUG - Func:        calculate_presence - Starting function'
'2024-08-22 19:56:52,572 - Line:  426 -    DEBUG - Func:        calculateTotalArea - Starting function'
'2024-08-22 19:56:52,587 - Line:  835 -    DEBUG - Func:          process_geometry - Starting function'
'2024-08-22 19:56:52,587 - Line:  841 -     INFO - Func:          process_geometry - ...Intersecting eco_coarse_ecosections_polygons_d'
'2024-08-22 19:56:53,236 - Line:  388 -    DEBUG - Func:         calculate_runtime - Completed PairwiseIntersect (layer: eco_coarse_ecosections_polygons_d). Runtime was 0.648367 seconds (0.010806116666666667 min)'
'2024-08-22 19:56:53,631 - Line:  869 -     INFO - Func:          process_geometry - ...Dissolving eco_coarse_ecosections_polygons_d'
'2024-08-22 19:56:53,970 - Line:  388 -    DEBUG - Func:         calculate_runtime - Completed PairwiseDissolve (layer: eco_coarse_ecosections_polygons_d_Intersect). Runtime was 0.338338 seconds (0.005638966666666667 min)'
'2024-08-22 19:56:53,970 - Line:  723 -    DEBUG - Func:               renameField - Starting function'
'2024-08-22 19:56:54,541 - Line:  723 -    DEBUG - Func:               renameField - Starting function'
'2024-08-22 19:56:55,125 - Line:  723 -    DEBUG - Func:               renameField - Starting function'
'2024-08-22 19:56:55,608 - Line:  723 -    DEBUG - Func:               renameField - Starting function'
'2024-08-22 19:56:56,051 - Line:  723 -    DEBUG - Func:               renameField - Starting function'
'2024-08-22 19:56:57,699 - Line: 1902 -     INFO - Func:                  <module> - Finding HU-CP interactions within MPAs'
'2024-08-22 19:56:57,699 - Line: 1203 -    DEBUG - Func:    loadInteractionsMatrix - Starting function'
'2024-08-22 19:56:57,727 - Line: 1285 -    DEBUG - Func:      identifyInteractions - Starting function'
'2024-08-22 19:56:57,727 - Line: 1917 -     INFO - Func:                  <module> - Writing output tables'
'2024-08-22 19:56:57,727 - Line: 1341 -    DEBUG - Func:       prepareOutputTable1 - Starting function'
'2024-08-22 19:56:57,727 - Line: 1396 -    DEBUG - Func:         writeOutputTable1 - Starting function'
'2024-08-22 19:56:57,733 - Line: 1423 -    DEBUG - Func:           joinUIDtoTable1 - Starting function'
'2024-08-22 19:56:57,770 - Line: 1439 -    DEBUG - Func:        createOutputTable2 - Starting function'
'2024-08-22 19:56:57,770 - Line: 1527 -    DEBUG - Func:         writeOutputTable2 - Starting function'
'2024-08-22 19:56:57,770 - Line: 1547 -    DEBUG - Func:         writeOutputTable3 - Starting function'
'2024-08-22 19:56:57,770 - Line: 1567 -    DEBUG - Func:        createOutputTable4 - Starting function'
'2024-08-22 19:56:57,770 - Line: 1927 -     INFO - Func:                  <module> - Script complete'
